// Jest Snapshot v1, https://goo.gl/fbAQLP

exports[`<Index /> should match snapshot 1`] = `
<div>
  <main>
    <div>
      <nav
        class="sc-gsTEea dgGraA"
      >
        <div
          class="sc-dlfnuX jPvAmc"
        >
          <a
            aria-current="page"
            class="sc-jSgvzq sc-gKseQn lmTSet eEosdZ"
            href="/"
          >
            The Richard's blog
          </a>
          <div
            class="sc-eCstlR lfkxJZ"
          >
            <a
              class="sc-jSgvzq lmTSet"
              href="/about"
            >
              About
            </a>
            <a
              class="sc-jSgvzq lmTSet"
              href="/post"
            >
              Post
            </a>
          </div>
          <div
            class="sc-eCstlR eRDLs"
          >
            <a
              class="sc-jSgvzq lmTSet"
              href="https://github.com/richardnguyen99/therichardblog"
            >
              Github
            </a>
            <span
              class="sc-jSgvzq lmTSet"
              href=""
              to=""
            >
              <div
                class="sc-iBPTik bUenXA"
              >
                <div
                  class="sc-kEjbQP zinsM"
                >
                  <div
                    class="sc-iqHYmW dEJZyq"
                    style="opacity: 0;"
                  >
                    More
                  </div>
                  <div>
                    <button
                      class="sc-pGacB kyGELd"
                      style="padding: 0px;"
                    >
                      <svg
                        fill="white"
                        fill-rule="evenodd"
                        height="16"
                        viewBox="0 0 16 16"
                        width="16"
                        xmlns="http://www.w3.org/2000/svg"
                      >
                        <path
                          d="M8 9a1.5 1.5 0 100-3 1.5 1.5 0 000 3zM1.5 9a1.5 1.5 0 100-3 1.5 1.5 0 000 3zm13 0a1.5 1.5 0 100-3 1.5 1.5 0 000 3z"
                        />
                      </svg>
                    </button>
                  </div>
                </div>
                <ul
                  class="sc-fubCzh GdjJR southwest"
                  style="opacity: 0; display: false;"
                >
                  <li
                    class="sc-jrAFXE hJCAtD"
                  >
                    Tags
                  </li>
                  <li
                    class="sc-jrAFXE hJCAtD"
                  >
                    Tags
                  </li>
                  <li
                    class="sc-jrAFXE hJCAtD"
                  >
                    Tags
                  </li>
                </ul>
              </div>
            </span>
          </div>
        </div>
        <div
          class="sc-hKgJUU DNWkX"
          style="display: none; top: 76px; width: 0px; left: 0px;"
        />
      </nav>
      <div
        id="content"
      >
        <section
          class="sc-hHfuMS jlgQYN"
        >
          <h1
            class="sc-dmlqKv GgidW"
          >
            The latest from Richard.
          </h1>
        </section>
      </div>
      <footer
        class="sc-crrszt bRxQMy"
      >
        <div
          class="sc-dQoVA uTcuO"
        >
          <div
            class="sc-bqyKOL fnObYe"
          >
            <div
              class="sc-kstqJO khiLwQ"
            >
              The Richard's blog
            </div>
            <div
              class="sc-hBEYId bEpSCn"
            >
              <div
                class="sc-fodVek"
              >
                <h4
                  class="sc-fFucqa fUsbUe"
                >
                  Connection
                </h4>
                <ul
                  class="sc-bkzYnD klRfed"
                >
                  <li
                    class="sc-idOiZg iHieYo"
                  >
                    <a
                      href="#"
                    >
                      Facebook
                    </a>
                  </li>
                  <li
                    class="sc-idOiZg iHieYo"
                  >
                    <a
                      href="#"
                    >
                      Facebook
                    </a>
                  </li>
                  <li
                    class="sc-idOiZg iHieYo"
                  >
                    <a
                      href="#"
                    >
                      Facebook
                    </a>
                  </li>
                </ul>
              </div>
              <div
                class="sc-fodVek"
              >
                <h4
                  class="sc-fFucqa fUsbUe"
                >
                  Connection
                </h4>
                <ul
                  class="sc-bkzYnD klRfed"
                >
                  <li
                    class="sc-idOiZg iHieYo"
                  >
                    <a
                      href="#"
                    >
                      Facebook
                    </a>
                  </li>
                  <li
                    class="sc-idOiZg iHieYo"
                  >
                    <a
                      href="#"
                    >
                      Facebook
                    </a>
                  </li>
                  <li
                    class="sc-idOiZg iHieYo"
                  >
                    <a
                      href="#"
                    >
                      Facebook
                    </a>
                  </li>
                </ul>
              </div>
              <div
                class="sc-fodVek"
              >
                <h4
                  class="sc-fFucqa fUsbUe"
                >
                  Connection
                </h4>
                <ul
                  class="sc-bkzYnD klRfed"
                >
                  <li
                    class="sc-idOiZg iHieYo"
                  >
                    <a
                      href="#"
                    >
                      Facebook
                    </a>
                  </li>
                  <li
                    class="sc-idOiZg iHieYo"
                  >
                    <a
                      href="#"
                    >
                      Facebook
                    </a>
                  </li>
                  <li
                    class="sc-idOiZg iHieYo"
                  >
                    <a
                      href="#"
                    >
                      Facebook
                    </a>
                  </li>
                </ul>
              </div>
              <div
                class="sc-fodVek"
              >
                <h4
                  class="sc-fFucqa fUsbUe"
                >
                  Connection
                </h4>
                <ul
                  class="sc-bkzYnD klRfed"
                >
                  <li
                    class="sc-idOiZg iHieYo"
                  >
                    <a
                      href="#"
                    >
                      Facebook
                    </a>
                  </li>
                  <li
                    class="sc-idOiZg iHieYo"
                  >
                    <a
                      href="#"
                    >
                      Facebook
                    </a>
                  </li>
                  <li
                    class="sc-idOiZg iHieYo"
                  >
                    <a
                      href="#"
                    >
                      Facebook
                    </a>
                  </li>
                </ul>
              </div>
            </div>
          </div>
          <div
            class="sc-dIUeWJ kjSuug"
          >
            <span>
              <img
                alt="Made by Richard with love"
                src="https://img.shields.io/static/v1?label=Made by Richard&message=with â™¥&color=red"
              />
            </span>
            <span>
              <a
                href="https://github.com/richardnguyen99/therichardblog/"
              >
                Github repo
              </a>
            </span>
          </div>
        </div>
      </footer>
    </div>
  </main>
</div>
`;
